[
  "Amazon",
  "AWSSDK",
  "Castle",
  "DnsClient",
  "Docker",
  "FluentAssertions",
  "ICSharpCode",
  "Internal",
  "MongoDB",
  "Moq",
  "Newtonsoft",
  "NuGet",
  "Polly",
  "SharpCompress",
  "Snappier",
  "Snapshooter",
  "Squadron",
  "ThirdParty",
  "TypeNameFormatter",
  "Xunit",
  "ZstdSharp"
]
