[
  {
    "Key": "Bar",
    "Value": [
      [
        {
          "Name": "_id",
          "Value": 1
        },
        {
          "Name": "barName",
          "Value": "Bar1"
        }
      ]
    ]
  },
  {
    "Key": "Foo",
    "Value": [
      [
        {
          "Name": "_id",
          "Value": 1
        },
        {
          "Name": "fooName",
          "Value": "Foo1"
        }
      ]
    ]
  }
]
