[
  {
    "command": {
      "create": "Bar",
      "$db": "db_e723fe9843fc4e7699279a4d3ed7f07a",
      "lsid": {
        "id": {
          "$binary": {
            "base64": "LSTAcBhmFEWAYEZo8znlEw==",
            "subType": "03"
          }
        }
      }
    }
  },
  {
    "command": {
      "create": "Foo",
      "$db": "db_e723fe9843fc4e7699279a4d3ed7f07a",
      "lsid": {
        "id": {
          "$binary": {
            "base64": "LSTAcBhmFEWAYEZo8znlEw==",
            "subType": "03"
          }
        }
      }
    }
  },
  {
    "command": {
      "insert": "Bar",
      "ordered": true,
      "$db": "db_e723fe9843fc4e7699279a4d3ed7f07a",
      "lsid": {
        "id": {
          "$binary": {
            "base64": "LSTAcBhmFEWAYEZo8znlEw==",
            "subType": "03"
          }
        }
      }
    }
  },
  {
    "command": {
      "insert": "Foo",
      "ordered": true,
      "$db": "db_e723fe9843fc4e7699279a4d3ed7f07a",
      "lsid": {
        "id": {
          "$binary": {
            "base64": "LSTAcBhmFEWAYEZo8znlEw==",
            "subType": "03"
          }
        }
      }
    }
  },
  {
    "command": {
      "find": "Foo",
      "filter": {
        "Name": "foo1"
      },
      "readConcern": {
        "level": "majority"
      },
      "$db": "db_e723fe9843fc4e7699279a4d3ed7f07a",
      "lsid": {
        "id": {
          "$binary": {
            "base64": "LSTAcBhmFEWAYEZo8znlEw==",
            "subType": "03"
          }
        }
      }
    },
    "keysExamined": 0,
    "docsExamined": 1,
    "planSummary": "COLLSCAN",
    "execStats": {
      "stage": "COLLSCAN",
      "filter": {
        "Name": {
          "$eq": "foo1"
        }
      },
      "nReturned": 0,
      "executionTimeMillisEstimate": 0,
      "works": 3,
      "advanced": 0,
      "needTime": 2,
      "needYield": 0,
      "saveState": 0,
      "restoreState": 0,
      "isEOF": 1,
      "direction": "forward",
      "docsExamined": 1
    }
  }
]
