{
  "AllowedTypes": [],
  "AllowedTypesByNamespaces": [],
  "AllowedTypesByDependencies": [
    "Autofac",
    "CommandLine",
    "CSharpx",
    "Docker",
    "JetBrains",
    "MongoDB",
    "Newtonsoft",
    "Polly",
    "Proxy",
    "RailwaySharp",
    "Serilog",
    "Snapshooter",
    "Squadron",
    "Xunit"
  ]
}
