{
  "AllowedTypes": [
    {
      "Key": "MongoDB.Extensions.Context.AllowedTypes.Tests.Foo",
      "Value": true
    }
  ],
  "AllowedTypesByNamespaces": [],
  "AllowedTypesByDependencies": [
    "Amazon",
    "AWSSDK",
    "Castle",
    "DnsClient",
    "Docker",
    "FluentAssertions",
    "ICSharpCode",
    "Internal",
    "MongoDB",
    "Moq",
    "Newtonsoft",
    "NuGet",
    "Polly",
    "SharpCompress",
    "Snappier",
    "Snapshooter",
    "Squadron",
    "ThirdParty",
    "TypeNameFormatter",
    "Xunit",
    "ZstdSharp"
  ]
}
