{
  "AllowedTypes": [
    {
      "Key": "MongoDB.Extensions.Context.AllowedTypes.Tests.Bar, MongoDB.Extensions.Context.AllowedTypes.Tests, Version=0.0.0.0, Culture=neutral, PublicKeyToken=null",
      "Value": false
    },
    {
      "Key": "MongoDB.Extensions.Context.AllowedTypes.Tests.Foo, MongoDB.Extensions.Context.AllowedTypes.Tests, Version=0.0.0.0, Culture=neutral, PublicKeyToken=null",
      "Value": true
    }
  ],
  "AllowedTypesByNamespaces": [],
  "AllowedTypesByDependencies": []
}
